-- The C compiler identification is GNU 11.4.0
-- The CXX compiler identification is GNU 11.4.0
-- Detecting C compiler ABI info
-- Detecting C compiler ABI info - done
-- Check for working C compiler: /usr/bin/cc - skipped
-- Detecting C compile features
-- Detecting C compile features - done
-- Detecting CXX compiler ABI info
-- Detecting CXX compiler ABI info - done
-- Check for working CXX compiler: /usr/bin/c++ - skipped
-- Detecting CXX compile features
-- Detecting CXX compile features - done
-- Found autoware_cmake: 1.1.0 (/opt/ipg/carmaker/linux64-15.1/autoracer_hooke/vendor_ws/install/autoware_cmake/share/autoware_cmake/cmake)
-- Found Python3: /usr/bin/python3 (found version "3.10.12") found components: Interpreter 
-- Override CMake install command with custom implementation using symlinks instead of copying resources
-- Found TinyXML2: /usr/lib/x86_64-linux-gnu/libtinyxml2.so  
-- Found ament_lint_auto: 0.12.14 (/opt/ros/humble/share/ament_lint_auto/cmake)
-- Found Eigen3: TRUE (found version "3.4.0") 
-- Found gtest sources under '/opt/ros/humble/src/gtest_vendor': C++ tests using 'Google Test' will be built
-- Looking for pthread.h
-- Looking for pthread.h - found
-- Performing Test CMAKE_HAVE_LIBC_PTHREAD
-- Performing Test CMAKE_HAVE_LIBC_PTHREAD - Success
-- Found Threads: TRUE  
-- Added test 'cppcheck' to perform static code analysis on C / C++ code
-- Configured cppcheck include dirs: /opt/ipg/carmaker/linux64-15.1/autoracer_hooke/vendor_ws/src/autoware/core/common/autoware_kalman_filter/include
-- Configured cppcheck exclude dirs and/or files: 
-- Added test 'copyright' to check source files copyright and LICENSE
-- Added test 'lint_cmake' to check CMake code style
-- Added test 'xmllint' to check XML markup files
-- Configuring done
-- Generating done
-- Build files have been written to: /opt/ipg/carmaker/linux64-15.1/autoracer_hooke/cross_scene_heading_build_v2/autoware_kalman_filter
[ 10%] Building CXX object gtest/CMakeFiles/gtest.dir/src/gtest-all.cc.o
[ 20%] Building CXX object CMakeFiles/autoware_kalman_filter.dir/src/kalman_filter.cpp.o
[ 30%] Building CXX object CMakeFiles/autoware_kalman_filter.dir/src/time_delay_kalman_filter.cpp.o
[ 40%] Building CXX object gtest/CMakeFiles/gtest_main.dir/src/gtest_main.cc.o
[ 50%] Linking CXX static library libgtest_main.a
[ 50%] Built target gtest_main
[ 60%] Linking CXX static library libgtest.a
[ 60%] Built target gtest
[ 70%] Linking CXX shared library libautoware_kalman_filter.so
[ 70%] Built target autoware_kalman_filter
[ 80%] Building CXX object CMakeFiles/test_autoware_kalman_filter.dir/test/test_time_delay_kalman_filter.cpp.o
[ 90%] Building CXX object CMakeFiles/test_autoware_kalman_filter.dir/test/test_kalman_filter.cpp.o
[100%] Linking CXX executable test_autoware_kalman_filter
[100%] Built target test_autoware_kalman_filter
-- Install configuration: ""
-- Execute custom install script
-- Symlinking: /opt/ipg/carmaker/linux64-15.1/autoracer_hooke/cross_scene_heading_merged_install_v2/share/autoware_kalman_filter/environment/library_path.sh
-- Symlinking: /opt/ipg/carmaker/linux64-15.1/autoracer_hooke/cross_scene_heading_merged_install_v2/share/autoware_kalman_filter/environment/library_path.dsv
-- Symlinking: /opt/ipg/carmaker/linux64-15.1/autoracer_hooke/cross_scene_heading_merged_install_v2/lib/libautoware_kalman_filter.so
-- Symlinking: /opt/ipg/carmaker/linux64-15.1/autoracer_hooke/cross_scene_heading_merged_install_v2/share/ament_index/resource_index/package_run_dependencies/autoware_kalman_filter
-- Symlinking: /opt/ipg/carmaker/linux64-15.1/autoracer_hooke/cross_scene_heading_merged_install_v2/share/ament_index/resource_index/parent_prefix_path/autoware_kalman_filter
-- Symlinking: /opt/ipg/carmaker/linux64-15.1/autoracer_hooke/cross_scene_heading_merged_install_v2/share/autoware_kalman_filter/environment/ament_prefix_path.sh
-- Symlinking: /opt/ipg/carmaker/linux64-15.1/autoracer_hooke/cross_scene_heading_merged_install_v2/share/autoware_kalman_filter/environment/ament_prefix_path.dsv
-- Symlinking: /opt/ipg/carmaker/linux64-15.1/autoracer_hooke/cross_scene_heading_merged_install_v2/share/autoware_kalman_filter/environment/path.sh
-- Symlinking: /opt/ipg/carmaker/linux64-15.1/autoracer_hooke/cross_scene_heading_merged_install_v2/share/autoware_kalman_filter/environment/path.dsv
-- Symlinking: /opt/ipg/carmaker/linux64-15.1/autoracer_hooke/cross_scene_heading_merged_install_v2/share/autoware_kalman_filter/local_setup.bash
-- Symlinking: /opt/ipg/carmaker/linux64-15.1/autoracer_hooke/cross_scene_heading_merged_install_v2/share/autoware_kalman_filter/local_setup.sh
-- Symlinking: /opt/ipg/carmaker/linux64-15.1/autoracer_hooke/cross_scene_heading_merged_install_v2/share/autoware_kalman_filter/local_setup.zsh
-- Symlinking: /opt/ipg/carmaker/linux64-15.1/autoracer_hooke/cross_scene_heading_merged_install_v2/share/autoware_kalman_filter/local_setup.dsv
-- Symlinking: /opt/ipg/carmaker/linux64-15.1/autoracer_hooke/cross_scene_heading_merged_install_v2/share/autoware_kalman_filter/package.dsv
-- Symlinking: /opt/ipg/carmaker/linux64-15.1/autoracer_hooke/cross_scene_heading_merged_install_v2/share/ament_index/resource_index/packages/autoware_kalman_filter
-- Symlinking: /opt/ipg/carmaker/linux64-15.1/autoracer_hooke/cross_scene_heading_merged_install_v2/share/autoware_kalman_filter/cmake/ament_cmake_export_include_directories-extras.cmake
-- Symlinking: /opt/ipg/carmaker/linux64-15.1/autoracer_hooke/cross_scene_heading_merged_install_v2/share/autoware_kalman_filter/cmake/ament_cmake_export_libraries-extras.cmake
-- Symlinking: /opt/ipg/carmaker/linux64-15.1/autoracer_hooke/cross_scene_heading_merged_install_v2/share/autoware_kalman_filter/cmake/autoware_kalman_filterConfig.cmake
-- Symlinking: /opt/ipg/carmaker/linux64-15.1/autoracer_hooke/cross_scene_heading_merged_install_v2/share/autoware_kalman_filter/cmake/autoware_kalman_filterConfig-version.cmake
-- Symlinking: /opt/ipg/carmaker/linux64-15.1/autoracer_hooke/cross_scene_heading_merged_install_v2/share/autoware_kalman_filter/package.xml
-- Up-to-date: /opt/ipg/carmaker/linux64-15.1/autoracer_hooke/cross_scene_heading_merged_install_v2/include
-- Up-to-date: /opt/ipg/carmaker/linux64-15.1/autoracer_hooke/cross_scene_heading_merged_install_v2/include/autoware
-- Installing: /opt/ipg/carmaker/linux64-15.1/autoracer_hooke/cross_scene_heading_merged_install_v2/include/autoware/kalman_filter
-- Installing: /opt/ipg/carmaker/linux64-15.1/autoracer_hooke/cross_scene_heading_merged_install_v2/include/autoware/kalman_filter/time_delay_kalman_filter.hpp
-- Installing: /opt/ipg/carmaker/linux64-15.1/autoracer_hooke/cross_scene_heading_merged_install_v2/include/autoware/kalman_filter/kalman_filter.hpp
