[0.036s] Invoking command in '/opt/ipg/carmaker/linux64-15.1/autoracer_hooke/cross_scene_heading_build_v2/autoware_kalman_filter': CMAKE_PREFIX_PATH=${CMAKE_PREFIX_PATH}:/opt/ros/humble /usr/bin/cmake /opt/ipg/carmaker/linux64-15.1/autoracer_hooke/vendor_ws/src/autoware/core/common/autoware_kalman_filter -DBUILD_TESTING=ON -DPython3_EXECUTABLE=/usr/bin/python3 -DAMENT_CMAKE_SYMLINK_INSTALL=1 -DCMAKE_INSTALL_PREFIX=/opt/ipg/carmaker/linux64-15.1/autoracer_hooke/cross_scene_heading_merged_install_v2
[0.213s] -- The C compiler identification is GNU 11.4.0
[0.335s] -- The CXX compiler identification is GNU 11.4.0
[0.353s] -- Detecting C compiler ABI info
[0.593s] -- Detecting C compiler ABI info - done
[0.607s] -- Check for working C compiler: /usr/bin/cc - skipped
[0.607s] -- Detecting C compile features
[0.608s] -- Detecting C compile features - done
[0.614s] -- Detecting CXX compiler ABI info
[0.883s] -- Detecting CXX compiler ABI info - done
[0.896s] -- Check for working CXX compiler: /usr/bin/c++ - skipped
[0.896s] -- Detecting CXX compile features
[0.897s] -- Detecting CXX compile features - done
[0.927s] -- Found autoware_cmake: 1.1.0 (/opt/ipg/carmaker/linux64-15.1/autoracer_hooke/vendor_ws/install/autoware_cmake/share/autoware_cmake/cmake)
[1.270s] -- Found Python3: /usr/bin/python3 (found version "3.10.12") found components: Interpreter 
[1.365s] -- Override CMake install command with custom implementation using symlinks instead of copying resources
[1.707s] -- Found TinyXML2: /usr/lib/x86_64-linux-gnu/libtinyxml2.so  
[1.852s] -- Found ament_lint_auto: 0.12.14 (/opt/ros/humble/share/ament_lint_auto/cmake)
[2.018s] -- Found Eigen3: TRUE (found version "3.4.0") 
[2.035s] -- Found gtest sources under '/opt/ros/humble/src/gtest_vendor': C++ tests using 'Google Test' will be built
[2.037s] -- Looking for pthread.h
[2.298s] -- Looking for pthread.h - found
[2.298s] -- Performing Test CMAKE_HAVE_LIBC_PTHREAD
[2.550s] -- Performing Test CMAKE_HAVE_LIBC_PTHREAD - Success
[2.552s] -- Found Threads: TRUE  
[2.566s] -- Added test 'cppcheck' to perform static code analysis on C / C++ code
[2.567s] -- Configured cppcheck include dirs: /opt/ipg/carmaker/linux64-15.1/autoracer_hooke/vendor_ws/src/autoware/core/common/autoware_kalman_filter/include
[2.567s] -- Configured cppcheck exclude dirs and/or files: 
[2.571s] -- Added test 'copyright' to check source files copyright and LICENSE
[2.577s] -- Added test 'lint_cmake' to check CMake code style
[2.582s] -- Added test 'xmllint' to check XML markup files
[2.595s] -- Configuring done
[2.613s] -- Generating done
[2.619s] -- Build files have been written to: /opt/ipg/carmaker/linux64-15.1/autoracer_hooke/cross_scene_heading_build_v2/autoware_kalman_filter
[2.630s] Invoked command in '/opt/ipg/carmaker/linux64-15.1/autoracer_hooke/cross_scene_heading_build_v2/autoware_kalman_filter' returned '0': CMAKE_PREFIX_PATH=${CMAKE_PREFIX_PATH}:/opt/ros/humble /usr/bin/cmake /opt/ipg/carmaker/linux64-15.1/autoracer_hooke/vendor_ws/src/autoware/core/common/autoware_kalman_filter -DBUILD_TESTING=ON -DPython3_EXECUTABLE=/usr/bin/python3 -DAMENT_CMAKE_SYMLINK_INSTALL=1 -DCMAKE_INSTALL_PREFIX=/opt/ipg/carmaker/linux64-15.1/autoracer_hooke/cross_scene_heading_merged_install_v2
[2.632s] Invoking command in '/opt/ipg/carmaker/linux64-15.1/autoracer_hooke/cross_scene_heading_build_v2/autoware_kalman_filter': CMAKE_PREFIX_PATH=${CMAKE_PREFIX_PATH}:/opt/ros/humble /usr/bin/cmake --build /opt/ipg/carmaker/linux64-15.1/autoracer_hooke/cross_scene_heading_build_v2/autoware_kalman_filter -- -j512 -l512
[2.843s] [ 10%] Building CXX object gtest/CMakeFiles/gtest.dir/src/gtest-all.cc.o
[2.859s] [ 20%] Building CXX object CMakeFiles/autoware_kalman_filter.dir/src/kalman_filter.cpp.o
[2.866s] [ 30%] Building CXX object CMakeFiles/autoware_kalman_filter.dir/src/time_delay_kalman_filter.cpp.o
[2.867s] [ 40%] Building CXX object gtest/CMakeFiles/gtest_main.dir/src/gtest_main.cc.o
[3.676s] [ 50%] Linking CXX static library libgtest_main.a
[3.916s] [ 50%] Built target gtest_main
[5.528s] [ 60%] Linking CXX static library libgtest.a
[5.795s] [ 60%] Built target gtest
[7.436s] [ 70%] Linking CXX shared library libautoware_kalman_filter.so
[7.730s] [ 70%] Built target autoware_kalman_filter
[7.825s] [ 80%] Building CXX object CMakeFiles/test_autoware_kalman_filter.dir/test/test_time_delay_kalman_filter.cpp.o
[7.828s] [ 90%] Building CXX object CMakeFiles/test_autoware_kalman_filter.dir/test/test_kalman_filter.cpp.o
[18.797s] [100%] Linking CXX executable test_autoware_kalman_filter
[19.375s] [100%] Built target test_autoware_kalman_filter
[19.417s] Invoked command in '/opt/ipg/carmaker/linux64-15.1/autoracer_hooke/cross_scene_heading_build_v2/autoware_kalman_filter' returned '0': CMAKE_PREFIX_PATH=${CMAKE_PREFIX_PATH}:/opt/ros/humble /usr/bin/cmake --build /opt/ipg/carmaker/linux64-15.1/autoracer_hooke/cross_scene_heading_build_v2/autoware_kalman_filter -- -j512 -l512
[19.457s] Invoking command in '/opt/ipg/carmaker/linux64-15.1/autoracer_hooke/cross_scene_heading_build_v2/autoware_kalman_filter': CMAKE_PREFIX_PATH=${CMAKE_PREFIX_PATH}:/opt/ros/humble /usr/bin/cmake --install /opt/ipg/carmaker/linux64-15.1/autoracer_hooke/cross_scene_heading_build_v2/autoware_kalman_filter
[19.490s] -- Install configuration: ""
[19.491s] -- Execute custom install script
[19.491s] -- Symlinking: /opt/ipg/carmaker/linux64-15.1/autoracer_hooke/cross_scene_heading_merged_install_v2/share/autoware_kalman_filter/environment/library_path.sh
[19.526s] -- Symlinking: /opt/ipg/carmaker/linux64-15.1/autoracer_hooke/cross_scene_heading_merged_install_v2/share/autoware_kalman_filter/environment/library_path.dsv
[19.561s] -- Symlinking: /opt/ipg/carmaker/linux64-15.1/autoracer_hooke/cross_scene_heading_merged_install_v2/lib/libautoware_kalman_filter.so
[19.595s] -- Symlinking: /opt/ipg/carmaker/linux64-15.1/autoracer_hooke/cross_scene_heading_merged_install_v2/share/ament_index/resource_index/package_run_dependencies/autoware_kalman_filter
[19.631s] -- Symlinking: /opt/ipg/carmaker/linux64-15.1/autoracer_hooke/cross_scene_heading_merged_install_v2/share/ament_index/resource_index/parent_prefix_path/autoware_kalman_filter
[19.666s] -- Symlinking: /opt/ipg/carmaker/linux64-15.1/autoracer_hooke/cross_scene_heading_merged_install_v2/share/autoware_kalman_filter/environment/ament_prefix_path.sh
[19.701s] -- Symlinking: /opt/ipg/carmaker/linux64-15.1/autoracer_hooke/cross_scene_heading_merged_install_v2/share/autoware_kalman_filter/environment/ament_prefix_path.dsv
[19.723s] -- Symlinking: /opt/ipg/carmaker/linux64-15.1/autoracer_hooke/cross_scene_heading_merged_install_v2/share/autoware_kalman_filter/environment/path.sh
[19.758s] -- Symlinking: /opt/ipg/carmaker/linux64-15.1/autoracer_hooke/cross_scene_heading_merged_install_v2/share/autoware_kalman_filter/environment/path.dsv
[19.793s] -- Symlinking: /opt/ipg/carmaker/linux64-15.1/autoracer_hooke/cross_scene_heading_merged_install_v2/share/autoware_kalman_filter/local_setup.bash
[19.818s] -- Symlinking: /opt/ipg/carmaker/linux64-15.1/autoracer_hooke/cross_scene_heading_merged_install_v2/share/autoware_kalman_filter/local_setup.sh
[19.853s] -- Symlinking: /opt/ipg/carmaker/linux64-15.1/autoracer_hooke/cross_scene_heading_merged_install_v2/share/autoware_kalman_filter/local_setup.zsh
[19.888s] -- Symlinking: /opt/ipg/carmaker/linux64-15.1/autoracer_hooke/cross_scene_heading_merged_install_v2/share/autoware_kalman_filter/local_setup.dsv
[19.923s] -- Symlinking: /opt/ipg/carmaker/linux64-15.1/autoracer_hooke/cross_scene_heading_merged_install_v2/share/autoware_kalman_filter/package.dsv
[19.957s] -- Symlinking: /opt/ipg/carmaker/linux64-15.1/autoracer_hooke/cross_scene_heading_merged_install_v2/share/ament_index/resource_index/packages/autoware_kalman_filter
[19.993s] -- Symlinking: /opt/ipg/carmaker/linux64-15.1/autoracer_hooke/cross_scene_heading_merged_install_v2/share/autoware_kalman_filter/cmake/ament_cmake_export_include_directories-extras.cmake
[20.029s] -- Symlinking: /opt/ipg/carmaker/linux64-15.1/autoracer_hooke/cross_scene_heading_merged_install_v2/share/autoware_kalman_filter/cmake/ament_cmake_export_libraries-extras.cmake
[20.062s] -- Symlinking: /opt/ipg/carmaker/linux64-15.1/autoracer_hooke/cross_scene_heading_merged_install_v2/share/autoware_kalman_filter/cmake/autoware_kalman_filterConfig.cmake
[20.083s] -- Symlinking: /opt/ipg/carmaker/linux64-15.1/autoracer_hooke/cross_scene_heading_merged_install_v2/share/autoware_kalman_filter/cmake/autoware_kalman_filterConfig-version.cmake
[20.118s] -- Symlinking: /opt/ipg/carmaker/linux64-15.1/autoracer_hooke/cross_scene_heading_merged_install_v2/share/autoware_kalman_filter/package.xml
[20.154s] -- Up-to-date: /opt/ipg/carmaker/linux64-15.1/autoracer_hooke/cross_scene_heading_merged_install_v2/include
[20.154s] -- Up-to-date: /opt/ipg/carmaker/linux64-15.1/autoracer_hooke/cross_scene_heading_merged_install_v2/include/autoware
[20.154s] -- Installing: /opt/ipg/carmaker/linux64-15.1/autoracer_hooke/cross_scene_heading_merged_install_v2/include/autoware/kalman_filter
[20.154s] -- Installing: /opt/ipg/carmaker/linux64-15.1/autoracer_hooke/cross_scene_heading_merged_install_v2/include/autoware/kalman_filter/time_delay_kalman_filter.hpp
[20.155s] -- Installing: /opt/ipg/carmaker/linux64-15.1/autoracer_hooke/cross_scene_heading_merged_install_v2/include/autoware/kalman_filter/kalman_filter.hpp
[20.158s] Invoked command in '/opt/ipg/carmaker/linux64-15.1/autoracer_hooke/cross_scene_heading_build_v2/autoware_kalman_filter' returned '0': CMAKE_PREFIX_PATH=${CMAKE_PREFIX_PATH}:/opt/ros/humble /usr/bin/cmake --install /opt/ipg/carmaker/linux64-15.1/autoracer_hooke/cross_scene_heading_build_v2/autoware_kalman_filter
