[0.036s] Invoking command in '/opt/ipg/carmaker/linux64-15.1/autoracer_hooke/cross_scene_heading_build_v2/autoware_ekf_localizer': CMAKE_PREFIX_PATH=${CMAKE_PREFIX_PATH}:/opt/ros/humble /usr/bin/cmake /opt/ipg/carmaker/linux64-15.1/autoracer_hooke/vendor_ws/src/autoware/core/localization/autoware_ekf_localizer -DBUILD_TESTING=ON -DPython3_EXECUTABLE=/usr/bin/python3 -DPYTHON_EXECUTABLE=/usr/bin/python3 -DAMENT_CMAKE_SYMLINK_INSTALL=1 -DCMAKE_INSTALL_PREFIX=/opt/ipg/carmaker/linux64-15.1/autoracer_hooke/cross_scene_heading_merged_install_v2
[0.229s] -- The C compiler identification is GNU 11.4.0
[0.358s] -- The CXX compiler identification is GNU 11.4.0
[0.375s] -- Detecting C compiler ABI info
[0.607s] -- Detecting C compiler ABI info - done
[0.620s] -- Check for working C compiler: /usr/bin/cc - skipped
[0.620s] -- Detecting C compile features
[0.621s] -- Detecting C compile features - done
[0.627s] -- Detecting CXX compiler ABI info
[0.887s] -- Detecting CXX compiler ABI info - done
[0.900s] -- Check for working CXX compiler: /usr/bin/c++ - skipped
[0.901s] -- Detecting CXX compile features
[0.902s] -- Detecting CXX compile features - done
[0.932s] -- Found autoware_cmake: 1.1.0 (/opt/ipg/carmaker/linux64-15.1/autoracer_hooke/vendor_ws/install/autoware_cmake/share/autoware_cmake/cmake)
[1.274s] -- Found Python3: /usr/bin/python3 (found version "3.10.12") found components: Interpreter 
[1.367s] -- Override CMake install command with custom implementation using symlinks instead of copying resources
[1.710s] -- Found TinyXML2: /usr/lib/x86_64-linux-gnu/libtinyxml2.so  
[2.050s] -- Found rosidl_generator_c: 3.1.7 (/opt/ros/humble/share/rosidl_generator_c/cmake)
[2.083s] -- Found rosidl_adapter: 3.1.7 (/opt/ros/humble/share/rosidl_adapter/cmake)
[2.119s] -- Found rosidl_generator_cpp: 3.1.7 (/opt/ros/humble/share/rosidl_generator_cpp/cmake)
[2.163s] -- Using all available rosidl_typesupport_c: rosidl_typesupport_fastrtps_c;rosidl_typesupport_introspection_c
[2.224s] -- Using all available rosidl_typesupport_cpp: rosidl_typesupport_fastrtps_cpp;rosidl_typesupport_introspection_cpp
[2.411s] -- Found rmw_implementation_cmake: 6.1.2 (/opt/ros/humble/share/rmw_implementation_cmake/cmake)
[2.432s] -- Found rmw_fastrtps_cpp: 6.2.8 (/opt/ros/humble/share/rmw_fastrtps_cpp/cmake)
[2.869s] -- Found OpenSSL: /usr/lib/x86_64-linux-gnu/libcrypto.so (found version "3.0.2")  
[2.976s] -- Found FastRTPS: /opt/ros/humble/include  
[3.093s] -- Using RMW implementation 'rmw_fastrtps_cpp' as default
[3.146s] -- Looking for pthread.h
[3.409s] -- Looking for pthread.h - found
[3.410s] -- Performing Test CMAKE_HAVE_LIBC_PTHREAD
[3.660s] -- Performing Test CMAKE_HAVE_LIBC_PTHREAD - Success
[3.662s] -- Found Threads: TRUE  
[4.323s] -- Found eigen3_cmake_module: 0.1.1 (/opt/ros/humble/share/eigen3_cmake_module/cmake)
[4.324s] -- Found Eigen3: TRUE (found version "3.4.0") 
[4.324s] -- Ensuring Eigen3 include directory is part of orocos-kdl CMake target
[4.669s] -- Found ament_lint_auto: 0.12.14 (/opt/ros/humble/share/ament_lint_auto/cmake)
[4.843s] -- Found python_cmake_module: 0.10.0 (/opt/ros/humble/share/python_cmake_module/cmake)
[4.887s] -- Found PythonInterp: /usr/bin/python3 (found suitable version "3.10.12", minimum required is "3.6") 
[4.901s] -- Found PythonLibs: /usr/lib/x86_64-linux-gnu/libpython3.10.so (found suitable version "3.10.12", minimum required is "3.5") 
[4.901s] -- Using PYTHON_EXECUTABLE: /usr/bin/python3
[4.901s] -- Using PYTHON_INCLUDE_DIRS: /usr/include/python3.10
[4.901s] -- Using PYTHON_LIBRARIES: /usr/lib/x86_64-linux-gnu/libpython3.10.so
[4.946s] -- Found PythonExtra: .so  
[5.188s] -- Setting executor non-default value SingleThreadedExecutor
[5.216s] -- Found gtest sources under '/opt/ros/humble/src/gtest_vendor': C++ tests using 'Google Test' will be built
[5.402s] -- Found gtest sources under '/opt/ros/humble/src/gtest_vendor': C++ tests using 'Google Test' will be built
[5.582s] -- Found gtest sources under '/opt/ros/humble/src/gtest_vendor': C++ tests using 'Google Test' will be built
[5.762s] -- Found gtest sources under '/opt/ros/humble/src/gtest_vendor': C++ tests using 'Google Test' will be built
[5.947s] -- Found gtest sources under '/opt/ros/humble/src/gtest_vendor': C++ tests using 'Google Test' will be built
[6.130s] -- Found gtest sources under '/opt/ros/humble/src/gtest_vendor': C++ tests using 'Google Test' will be built
[6.311s] -- Found gtest sources under '/opt/ros/humble/src/gtest_vendor': C++ tests using 'Google Test' will be built
[6.495s] -- Found gtest sources under '/opt/ros/humble/src/gtest_vendor': C++ tests using 'Google Test' will be built
[6.677s] -- Found gtest sources under '/opt/ros/humble/src/gtest_vendor': C++ tests using 'Google Test' will be built
[6.859s] -- Found gtest sources under '/opt/ros/humble/src/gtest_vendor': C++ tests using 'Google Test' will be built
[7.037s] -- Found gtest sources under '/opt/ros/humble/src/gtest_vendor': C++ tests using 'Google Test' will be built
[7.214s] -- Found gtest sources under '/opt/ros/humble/src/gtest_vendor': C++ tests using 'Google Test' will be built
[7.395s] -- Found gtest sources under '/opt/ros/humble/src/gtest_vendor': C++ tests using 'Google Test' will be built
[7.582s] -- Added test 'copyright' to check source files copyright and LICENSE
[7.589s] -- Added test 'cppcheck' to perform static code analysis on C / C++ code
[7.592s] -- Configured cppcheck include dirs: /opt/ipg/carmaker/linux64-15.1/autoracer_hooke/vendor_ws/src/autoware/core/localization/autoware_ekf_localizer/include
[7.592s] -- Configured cppcheck exclude dirs and/or files: 
[7.595s] -- Added test 'lint_cmake' to check CMake code style
[7.598s] -- Added test 'xmllint' to check XML markup files
[7.606s] -- Configuring done
[8.381s] -- Generating done
[8.433s] -- Build files have been written to: /opt/ipg/carmaker/linux64-15.1/autoracer_hooke/cross_scene_heading_build_v2/autoware_ekf_localizer
[8.456s] Invoked command in '/opt/ipg/carmaker/linux64-15.1/autoracer_hooke/cross_scene_heading_build_v2/autoware_ekf_localizer' returned '0': CMAKE_PREFIX_PATH=${CMAKE_PREFIX_PATH}:/opt/ros/humble /usr/bin/cmake /opt/ipg/carmaker/linux64-15.1/autoracer_hooke/vendor_ws/src/autoware/core/localization/autoware_ekf_localizer -DBUILD_TESTING=ON -DPython3_EXECUTABLE=/usr/bin/python3 -DPYTHON_EXECUTABLE=/usr/bin/python3 -DAMENT_CMAKE_SYMLINK_INSTALL=1 -DCMAKE_INSTALL_PREFIX=/opt/ipg/carmaker/linux64-15.1/autoracer_hooke/cross_scene_heading_merged_install_v2
[8.458s] Invoking command in '/opt/ipg/carmaker/linux64-15.1/autoracer_hooke/cross_scene_heading_build_v2/autoware_ekf_localizer': CMAKE_PREFIX_PATH=${CMAKE_PREFIX_PATH}:/opt/ros/humble /usr/bin/cmake --build /opt/ipg/carmaker/linux64-15.1/autoracer_hooke/cross_scene_heading_build_v2/autoware_ekf_localizer -- -j512 -l512
[8.694s] [  2%] Building CXX object CMakeFiles/autoware_ekf_localizer_node.dir/rclcpp_components/node_main_autoware_ekf_localizer_node.cpp.o
[8.709s] [ 21%] Building CXX object CMakeFiles/autoware_ekf_localizer.dir/src/mahalanobis.cpp.o
[8.709s] [ 21%] Building CXX object CMakeFiles/autoware_ekf_localizer.dir/src/diagnostics.cpp.o
[8.709s] [ 21%] Building CXX object CMakeFiles/autoware_ekf_localizer.dir/src/covariance.cpp.o
[8.709s] [ 21%] Building CXX object CMakeFiles/autoware_ekf_localizer.dir/src/measurement.cpp.o
[8.709s] [ 21%] Building CXX object gtest/CMakeFiles/gtest_main.dir/src/gtest_main.cc.o
[8.709s] [ 21%] Building CXX object CMakeFiles/autoware_ekf_localizer.dir/src/ekf_module.cpp.o
[8.709s] [ 21%] Building CXX object gtest/CMakeFiles/gtest.dir/src/gtest-all.cc.o
[8.709s] [ 21%] Building CXX object CMakeFiles/autoware_ekf_localizer.dir/src/ekf_localizer.cpp.o
[8.710s] [ 24%] Building CXX object CMakeFiles/autoware_ekf_localizer.dir/src/state_transition.cpp.o
[8.710s] [ 26%] Building CXX object CMakeFiles/autoware_ekf_localizer.dir/src/warning_message.cpp.o
[9.494s] [ 29%] Linking CXX static library libgtest_main.a
[9.744s] [ 29%] Built target gtest_main
[11.397s] [ 31%] Linking CXX executable autoware_ekf_localizer_node
[11.400s] [ 34%] Linking CXX static library libgtest.a
[11.603s] [ 34%] Built target autoware_ekf_localizer_node
[11.656s] [ 34%] Built target gtest
[24.508s] [ 36%] Linking CXX shared library libautoware_ekf_localizer.so
[26.164s] [ 36%] Built target autoware_ekf_localizer
[26.263s] [ 39%] Building CXX object CMakeFiles/test_mahalanobis.dir/test/test_mahalanobis.cpp.o
[26.265s] [ 41%] Building CXX object CMakeFiles/test_numeric.dir/test/test_numeric.cpp.o
[26.266s] [ 43%] Building CXX object CMakeFiles/test_simple_1d_filter.dir/test/test_simple_1d_filter.cpp.o
[26.267s] [ 46%] Building CXX object CMakeFiles/test_covariance.dir/test/test_covariance.cpp.o
[26.267s] [ 51%] Building CXX object CMakeFiles/test_gnss_correction.dir/test/test_gnss_correction.cpp.o
[26.268s] [ 51%] Building CXX object CMakeFiles/test_position_only_innovation_monitor.dir/test/test_position_only_innovation_monitor.cpp.o
[26.269s] [ 53%] Building CXX object CMakeFiles/test_measurement.dir/test/test_measurement.cpp.o
[26.269s] [ 56%] Building CXX object CMakeFiles/test_state_transition.dir/test/test_state_transition.cpp.o
[26.270s] [ 60%] Building CXX object CMakeFiles/test_diagnostics.dir/test/test_diagnostics.cpp.o
[26.270s] [ 63%] Building CXX object CMakeFiles/test_warning_message.dir/test/test_warning_message.cpp.o
[26.270s] [ 63%] Building CXX object CMakeFiles/test_gnss_bias_state.dir/test/test_gnss_bias_state.cpp.o
[26.279s] [ 65%] Building CXX object CMakeFiles/test_string.dir/test/test_string.cpp.o
[26.281s] [ 68%] Building CXX object CMakeFiles/test_aged_object_queue.dir/test/test_aged_object_queue.cpp.o
[27.390s] [ 70%] Linking CXX executable test_string
[27.483s] [ 73%] Linking CXX executable test_diagnostics
[27.516s] [ 75%] Linking CXX executable test_aged_object_queue
[27.782s] [ 78%] Linking CXX executable test_covariance
[27.904s] [ 80%] Linking CXX executable test_numeric
[27.936s] [ 82%] Linking CXX executable test_position_only_innovation_monitor
[27.937s] [ 85%] Linking CXX executable test_mahalanobis
[28.219s] [ 87%] Linking CXX executable test_gnss_bias_state
[28.378s] [ 90%] Linking CXX executable test_state_transition
[28.431s] [ 92%] Linking CXX executable test_measurement
[28.516s] [ 92%] Built target test_diagnostics
[28.652s] [ 92%] Built target test_string
[28.799s] [ 92%] Built target test_aged_object_queue
[28.805s] [ 92%] Built target test_covariance
[28.999s] [ 92%] Built target test_mahalanobis
[29.047s] [ 95%] Linking CXX executable test_gnss_correction
[29.175s] [ 95%] Built target test_numeric
[29.230s] [ 95%] Built target test_position_only_innovation_monitor
[29.296s] [ 97%] Linking CXX executable test_warning_message
[29.301s] [ 97%] Built target test_gnss_bias_state
[29.434s] [ 97%] Built target test_state_transition
[29.472s] [ 97%] Built target test_measurement
[29.883s] [100%] Linking CXX executable test_simple_1d_filter
[30.129s] [100%] Built target test_gnss_correction
[30.320s] [100%] Built target test_warning_message
[31.182s] [100%] Built target test_simple_1d_filter
[31.223s] Invoked command in '/opt/ipg/carmaker/linux64-15.1/autoracer_hooke/cross_scene_heading_build_v2/autoware_ekf_localizer' returned '0': CMAKE_PREFIX_PATH=${CMAKE_PREFIX_PATH}:/opt/ros/humble /usr/bin/cmake --build /opt/ipg/carmaker/linux64-15.1/autoracer_hooke/cross_scene_heading_build_v2/autoware_ekf_localizer -- -j512 -l512
[31.227s] Invoking command in '/opt/ipg/carmaker/linux64-15.1/autoracer_hooke/cross_scene_heading_build_v2/autoware_ekf_localizer': CMAKE_PREFIX_PATH=${CMAKE_PREFIX_PATH}:/opt/ros/humble /usr/bin/cmake --install /opt/ipg/carmaker/linux64-15.1/autoracer_hooke/cross_scene_heading_build_v2/autoware_ekf_localizer
[31.259s] -- Install configuration: ""
[31.260s] -- Execute custom install script
[31.260s] -- Symlinking: /opt/ipg/carmaker/linux64-15.1/autoracer_hooke/cross_scene_heading_merged_install_v2/lib/autoware_ekf_localizer/autoware_ekf_localizer_node
[31.297s] -- Symlinking: /opt/ipg/carmaker/linux64-15.1/autoracer_hooke/cross_scene_heading_merged_install_v2/share/autoware_ekf_localizer/environment/library_path.sh
[31.333s] -- Symlinking: /opt/ipg/carmaker/linux64-15.1/autoracer_hooke/cross_scene_heading_merged_install_v2/share/autoware_ekf_localizer/environment/library_path.dsv
[31.369s] -- Symlinking: /opt/ipg/carmaker/linux64-15.1/autoracer_hooke/cross_scene_heading_merged_install_v2/lib/libautoware_ekf_localizer.so
[31.405s] -- Symlinking: /opt/ipg/carmaker/linux64-15.1/autoracer_hooke/cross_scene_heading_merged_install_v2/share/autoware_ekf_localizer/config/ekf_localizer.param.yaml
[31.426s] -- Symlinking: /opt/ipg/carmaker/linux64-15.1/autoracer_hooke/cross_scene_heading_merged_install_v2/share/autoware_ekf_localizer/config/ekf_localizer.param.yaml.orig
[31.461s] -- Symlinking: /opt/ipg/carmaker/linux64-15.1/autoracer_hooke/cross_scene_heading_merged_install_v2/share/autoware_ekf_localizer/launch/ekf_localizer.launch.xml
[31.483s] -- Symlinking: /opt/ipg/carmaker/linux64-15.1/autoracer_hooke/cross_scene_heading_merged_install_v2/share/ament_index/resource_index/package_run_dependencies/autoware_ekf_localizer
[31.520s] -- Symlinking: /opt/ipg/carmaker/linux64-15.1/autoracer_hooke/cross_scene_heading_merged_install_v2/share/ament_index/resource_index/parent_prefix_path/autoware_ekf_localizer
[31.541s] -- Symlinking: /opt/ipg/carmaker/linux64-15.1/autoracer_hooke/cross_scene_heading_merged_install_v2/share/autoware_ekf_localizer/environment/ament_prefix_path.sh
[31.565s] -- Symlinking: /opt/ipg/carmaker/linux64-15.1/autoracer_hooke/cross_scene_heading_merged_install_v2/share/autoware_ekf_localizer/environment/ament_prefix_path.dsv
[31.602s] -- Symlinking: /opt/ipg/carmaker/linux64-15.1/autoracer_hooke/cross_scene_heading_merged_install_v2/share/autoware_ekf_localizer/environment/path.sh
[31.638s] -- Symlinking: /opt/ipg/carmaker/linux64-15.1/autoracer_hooke/cross_scene_heading_merged_install_v2/share/autoware_ekf_localizer/environment/path.dsv
[31.659s] -- Symlinking: /opt/ipg/carmaker/linux64-15.1/autoracer_hooke/cross_scene_heading_merged_install_v2/share/autoware_ekf_localizer/local_setup.bash
[31.695s] -- Symlinking: /opt/ipg/carmaker/linux64-15.1/autoracer_hooke/cross_scene_heading_merged_install_v2/share/autoware_ekf_localizer/local_setup.sh
[31.732s] -- Symlinking: /opt/ipg/carmaker/linux64-15.1/autoracer_hooke/cross_scene_heading_merged_install_v2/share/autoware_ekf_localizer/local_setup.zsh
[31.767s] -- Symlinking: /opt/ipg/carmaker/linux64-15.1/autoracer_hooke/cross_scene_heading_merged_install_v2/share/autoware_ekf_localizer/local_setup.dsv
[31.788s] -- Symlinking: /opt/ipg/carmaker/linux64-15.1/autoracer_hooke/cross_scene_heading_merged_install_v2/share/autoware_ekf_localizer/package.dsv
[31.825s] -- Symlinking: /opt/ipg/carmaker/linux64-15.1/autoracer_hooke/cross_scene_heading_merged_install_v2/share/ament_index/resource_index/packages/autoware_ekf_localizer
[31.846s] -- Symlinking: /opt/ipg/carmaker/linux64-15.1/autoracer_hooke/cross_scene_heading_merged_install_v2/share/ament_index/resource_index/rclcpp_components/autoware_ekf_localizer
[31.883s] -- Symlinking: /opt/ipg/carmaker/linux64-15.1/autoracer_hooke/cross_scene_heading_merged_install_v2/share/autoware_ekf_localizer/cmake/ament_cmake_export_dependencies-extras.cmake
[31.917s] -- Symlinking: /opt/ipg/carmaker/linux64-15.1/autoracer_hooke/cross_scene_heading_merged_install_v2/share/autoware_ekf_localizer/cmake/ament_cmake_export_include_directories-extras.cmake
[31.952s] -- Symlinking: /opt/ipg/carmaker/linux64-15.1/autoracer_hooke/cross_scene_heading_merged_install_v2/share/autoware_ekf_localizer/cmake/ament_cmake_export_libraries-extras.cmake
[31.988s] -- Symlinking: /opt/ipg/carmaker/linux64-15.1/autoracer_hooke/cross_scene_heading_merged_install_v2/share/autoware_ekf_localizer/cmake/autoware_ekf_localizerConfig.cmake
[32.023s] -- Symlinking: /opt/ipg/carmaker/linux64-15.1/autoracer_hooke/cross_scene_heading_merged_install_v2/share/autoware_ekf_localizer/cmake/autoware_ekf_localizerConfig-version.cmake
[32.060s] -- Symlinking: /opt/ipg/carmaker/linux64-15.1/autoracer_hooke/cross_scene_heading_merged_install_v2/share/autoware_ekf_localizer/package.xml
[32.081s] -- Installing: /opt/ipg/carmaker/linux64-15.1/autoracer_hooke/cross_scene_heading_merged_install_v2/include
[32.082s] -- Installing: /opt/ipg/carmaker/linux64-15.1/autoracer_hooke/cross_scene_heading_merged_install_v2/include/autoware
[32.082s] -- Installing: /opt/ipg/carmaker/linux64-15.1/autoracer_hooke/cross_scene_heading_merged_install_v2/include/autoware/ekf_localizer
[32.082s] -- Installing: /opt/ipg/carmaker/linux64-15.1/autoracer_hooke/cross_scene_heading_merged_install_v2/include/autoware/ekf_localizer/measurement.hpp
[32.082s] -- Installing: /opt/ipg/carmaker/linux64-15.1/autoracer_hooke/cross_scene_heading_merged_install_v2/include/autoware/ekf_localizer/numeric.hpp
[32.082s] -- Installing: /opt/ipg/carmaker/linux64-15.1/autoracer_hooke/cross_scene_heading_merged_install_v2/include/autoware/ekf_localizer/position_only_innovation_monitor.hpp
[32.082s] -- Installing: /opt/ipg/carmaker/linux64-15.1/autoracer_hooke/cross_scene_heading_merged_install_v2/include/autoware/ekf_localizer/covariance.hpp
[32.082s] -- Installing: /opt/ipg/carmaker/linux64-15.1/autoracer_hooke/cross_scene_heading_merged_install_v2/include/autoware/ekf_localizer/state_index.hpp
[32.083s] -- Installing: /opt/ipg/carmaker/linux64-15.1/autoracer_hooke/cross_scene_heading_merged_install_v2/include/autoware/ekf_localizer/warning.hpp
[32.083s] -- Installing: /opt/ipg/carmaker/linux64-15.1/autoracer_hooke/cross_scene_heading_merged_install_v2/include/autoware/ekf_localizer/ekf_module.hpp
[32.083s] -- Installing: /opt/ipg/carmaker/linux64-15.1/autoracer_hooke/cross_scene_heading_merged_install_v2/include/autoware/ekf_localizer/string.hpp
[32.083s] -- Installing: /opt/ipg/carmaker/linux64-15.1/autoracer_hooke/cross_scene_heading_merged_install_v2/include/autoware/ekf_localizer/gnss_correction.hpp
[32.083s] -- Installing: /opt/ipg/carmaker/linux64-15.1/autoracer_hooke/cross_scene_heading_merged_install_v2/include/autoware/ekf_localizer/hyper_parameters.hpp
[32.083s] -- Installing: /opt/ipg/carmaker/linux64-15.1/autoracer_hooke/cross_scene_heading_merged_install_v2/include/autoware/ekf_localizer/state_transition.hpp
[32.083s] -- Installing: /opt/ipg/carmaker/linux64-15.1/autoracer_hooke/cross_scene_heading_merged_install_v2/include/autoware/ekf_localizer/aged_object_queue.hpp
[32.083s] -- Installing: /opt/ipg/carmaker/linux64-15.1/autoracer_hooke/cross_scene_heading_merged_install_v2/include/autoware/ekf_localizer/warning_message.hpp
[32.084s] -- Installing: /opt/ipg/carmaker/linux64-15.1/autoracer_hooke/cross_scene_heading_merged_install_v2/include/autoware/ekf_localizer/ekf_localizer.hpp
[32.084s] -- Installing: /opt/ipg/carmaker/linux64-15.1/autoracer_hooke/cross_scene_heading_merged_install_v2/include/autoware/ekf_localizer/mahalanobis.hpp
[32.084s] -- Installing: /opt/ipg/carmaker/linux64-15.1/autoracer_hooke/cross_scene_heading_merged_install_v2/include/autoware/ekf_localizer/matrix_types.hpp
[32.084s] -- Installing: /opt/ipg/carmaker/linux64-15.1/autoracer_hooke/cross_scene_heading_merged_install_v2/include/autoware/ekf_localizer/diagnostics.hpp
[32.088s] Invoked command in '/opt/ipg/carmaker/linux64-15.1/autoracer_hooke/cross_scene_heading_build_v2/autoware_ekf_localizer' returned '0': CMAKE_PREFIX_PATH=${CMAKE_PREFIX_PATH}:/opt/ros/humble /usr/bin/cmake --install /opt/ipg/carmaker/linux64-15.1/autoracer_hooke/cross_scene_heading_build_v2/autoware_ekf_localizer
