CMake Warning at /opt/ros/humble/share/ament_cmake_auto/cmake/ament_auto_add_library.cmake:66 (add_library):
  Cannot generate a safe runtime search path for target
  autoware_ekf_localizer because files in some directories may conflict with
  libraries in implicit directories:

    runtime library [libglog.so.0] in /usr/lib/x86_64-linux-gnu may be hidden by files in:
      /opt/anaconda3/lib

  Some of these libraries may not be found correctly.
Call Stack (most recent call first):
  CMakeLists.txt:16 (ament_auto_add_library)


CMake Warning at /opt/ros/humble/share/ament_cmake_gtest/cmake/ament_add_gtest_executable.cmake:50 (add_executable):
  Cannot generate a safe runtime search path for target
  test_aged_object_queue because files in some directories may conflict with
  libraries in implicit directories:

    runtime library [libglog.so.0] in /usr/lib/x86_64-linux-gnu may be hidden by files in:
      /opt/anaconda3/lib

  Some of these libraries may not be found correctly.
Call Stack (most recent call first):
  /opt/ros/humble/share/ament_cmake_gtest/cmake/ament_add_gtest_executable.cmake:37 (_ament_add_gtest_executable)
  /opt/ros/humble/share/ament_cmake_gtest/cmake/ament_add_gtest.cmake:68 (ament_add_gtest_executable)
  CMakeLists.txt:40 (ament_add_gtest)
  CMakeLists.txt:59 (add_testcase)


CMake Warning at /opt/ros/humble/share/ament_cmake_gtest/cmake/ament_add_gtest_executable.cmake:50 (add_executable):
  Cannot generate a safe runtime search path for target test_covariance
  because files in some directories may conflict with libraries in implicit
  directories:

    runtime library [libglog.so.0] in /usr/lib/x86_64-linux-gnu may be hidden by files in:
      /opt/anaconda3/lib

  Some of these libraries may not be found correctly.
Call Stack (most recent call first):
  /opt/ros/humble/share/ament_cmake_gtest/cmake/ament_add_gtest_executable.cmake:37 (_ament_add_gtest_executable)
  /opt/ros/humble/share/ament_cmake_gtest/cmake/ament_add_gtest.cmake:68 (ament_add_gtest_executable)
  CMakeLists.txt:40 (ament_add_gtest)
  CMakeLists.txt:59 (add_testcase)


CMake Warning at /opt/ros/humble/share/ament_cmake_gtest/cmake/ament_add_gtest_executable.cmake:50 (add_executable):
  Cannot generate a safe runtime search path for target test_diagnostics
  because files in some directories may conflict with libraries in implicit
  directories:

    runtime library [libglog.so.0] in /usr/lib/x86_64-linux-gnu may be hidden by files in:
      /opt/anaconda3/lib

  Some of these libraries may not be found correctly.
Call Stack (most recent call first):
  /opt/ros/humble/share/ament_cmake_gtest/cmake/ament_add_gtest_executable.cmake:37 (_ament_add_gtest_executable)
  /opt/ros/humble/share/ament_cmake_gtest/cmake/ament_add_gtest.cmake:68 (ament_add_gtest_executable)
  CMakeLists.txt:40 (ament_add_gtest)
  CMakeLists.txt:59 (add_testcase)


CMake Warning at /opt/ros/humble/share/ament_cmake_gtest/cmake/ament_add_gtest_executable.cmake:50 (add_executable):
  Cannot generate a safe runtime search path for target test_gnss_bias_state
  because files in some directories may conflict with libraries in implicit
  directories:

    runtime library [libglog.so.0] in /usr/lib/x86_64-linux-gnu may be hidden by files in:
      /opt/anaconda3/lib

  Some of these libraries may not be found correctly.
Call Stack (most recent call first):
  /opt/ros/humble/share/ament_cmake_gtest/cmake/ament_add_gtest_executable.cmake:37 (_ament_add_gtest_executable)
  /opt/ros/humble/share/ament_cmake_gtest/cmake/ament_add_gtest.cmake:68 (ament_add_gtest_executable)
  CMakeLists.txt:40 (ament_add_gtest)
  CMakeLists.txt:59 (add_testcase)


CMake Warning at /opt/ros/humble/share/ament_cmake_gtest/cmake/ament_add_gtest_executable.cmake:50 (add_executable):
  Cannot generate a safe runtime search path for target test_gnss_correction
  because files in some directories may conflict with libraries in implicit
  directories:

    runtime library [libglog.so.0] in /usr/lib/x86_64-linux-gnu may be hidden by files in:
      /opt/anaconda3/lib

  Some of these libraries may not be found correctly.
Call Stack (most recent call first):
  /opt/ros/humble/share/ament_cmake_gtest/cmake/ament_add_gtest_executable.cmake:37 (_ament_add_gtest_executable)
  /opt/ros/humble/share/ament_cmake_gtest/cmake/ament_add_gtest.cmake:68 (ament_add_gtest_executable)
  CMakeLists.txt:40 (ament_add_gtest)
  CMakeLists.txt:59 (add_testcase)


CMake Warning at /opt/ros/humble/share/ament_cmake_gtest/cmake/ament_add_gtest_executable.cmake:50 (add_executable):
  Cannot generate a safe runtime search path for target test_mahalanobis
  because files in some directories may conflict with libraries in implicit
  directories:

    runtime library [libglog.so.0] in /usr/lib/x86_64-linux-gnu may be hidden by files in:
      /opt/anaconda3/lib

  Some of these libraries may not be found correctly.
Call Stack (most recent call first):
  /opt/ros/humble/share/ament_cmake_gtest/cmake/ament_add_gtest_executable.cmake:37 (_ament_add_gtest_executable)
  /opt/ros/humble/share/ament_cmake_gtest/cmake/ament_add_gtest.cmake:68 (ament_add_gtest_executable)
  CMakeLists.txt:40 (ament_add_gtest)
  CMakeLists.txt:59 (add_testcase)


CMake Warning at /opt/ros/humble/share/ament_cmake_gtest/cmake/ament_add_gtest_executable.cmake:50 (add_executable):
  Cannot generate a safe runtime search path for target test_measurement
  because files in some directories may conflict with libraries in implicit
  directories:

    runtime library [libglog.so.0] in /usr/lib/x86_64-linux-gnu may be hidden by files in:
      /opt/anaconda3/lib

  Some of these libraries may not be found correctly.
Call Stack (most recent call first):
  /opt/ros/humble/share/ament_cmake_gtest/cmake/ament_add_gtest_executable.cmake:37 (_ament_add_gtest_executable)
  /opt/ros/humble/share/ament_cmake_gtest/cmake/ament_add_gtest.cmake:68 (ament_add_gtest_executable)
  CMakeLists.txt:40 (ament_add_gtest)
  CMakeLists.txt:59 (add_testcase)


CMake Warning at /opt/ros/humble/share/ament_cmake_gtest/cmake/ament_add_gtest_executable.cmake:50 (add_executable):
  Cannot generate a safe runtime search path for target test_numeric because
  files in some directories may conflict with libraries in implicit
  directories:

    runtime library [libglog.so.0] in /usr/lib/x86_64-linux-gnu may be hidden by files in:
      /opt/anaconda3/lib

  Some of these libraries may not be found correctly.
Call Stack (most recent call first):
  /opt/ros/humble/share/ament_cmake_gtest/cmake/ament_add_gtest_executable.cmake:37 (_ament_add_gtest_executable)
  /opt/ros/humble/share/ament_cmake_gtest/cmake/ament_add_gtest.cmake:68 (ament_add_gtest_executable)
  CMakeLists.txt:40 (ament_add_gtest)
  CMakeLists.txt:59 (add_testcase)


CMake Warning at /opt/ros/humble/share/ament_cmake_gtest/cmake/ament_add_gtest_executable.cmake:50 (add_executable):
  Cannot generate a safe runtime search path for target
  test_position_only_innovation_monitor because files in some directories may
  conflict with libraries in implicit directories:

    runtime library [libglog.so.0] in /usr/lib/x86_64-linux-gnu may be hidden by files in:
      /opt/anaconda3/lib

  Some of these libraries may not be found correctly.
Call Stack (most recent call first):
  /opt/ros/humble/share/ament_cmake_gtest/cmake/ament_add_gtest_executable.cmake:37 (_ament_add_gtest_executable)
  /opt/ros/humble/share/ament_cmake_gtest/cmake/ament_add_gtest.cmake:68 (ament_add_gtest_executable)
  CMakeLists.txt:40 (ament_add_gtest)
  CMakeLists.txt:59 (add_testcase)


CMake Warning at /opt/ros/humble/share/ament_cmake_gtest/cmake/ament_add_gtest_executable.cmake:50 (add_executable):
  Cannot generate a safe runtime search path for target test_simple_1d_filter
  because files in some directories may conflict with libraries in implicit
  directories:

    runtime library [libglog.so.0] in /usr/lib/x86_64-linux-gnu may be hidden by files in:
      /opt/anaconda3/lib

  Some of these libraries may not be found correctly.
Call Stack (most recent call first):
  /opt/ros/humble/share/ament_cmake_gtest/cmake/ament_add_gtest_executable.cmake:37 (_ament_add_gtest_executable)
  /opt/ros/humble/share/ament_cmake_gtest/cmake/ament_add_gtest.cmake:68 (ament_add_gtest_executable)
  CMakeLists.txt:40 (ament_add_gtest)
  CMakeLists.txt:59 (add_testcase)


CMake Warning at /opt/ros/humble/share/ament_cmake_gtest/cmake/ament_add_gtest_executable.cmake:50 (add_executable):
  Cannot generate a safe runtime search path for target test_state_transition
  because files in some directories may conflict with libraries in implicit
  directories:

    runtime library [libglog.so.0] in /usr/lib/x86_64-linux-gnu may be hidden by files in:
      /opt/anaconda3/lib

  Some of these libraries may not be found correctly.
Call Stack (most recent call first):
  /opt/ros/humble/share/ament_cmake_gtest/cmake/ament_add_gtest_executable.cmake:37 (_ament_add_gtest_executable)
  /opt/ros/humble/share/ament_cmake_gtest/cmake/ament_add_gtest.cmake:68 (ament_add_gtest_executable)
  CMakeLists.txt:40 (ament_add_gtest)
  CMakeLists.txt:59 (add_testcase)


CMake Warning at /opt/ros/humble/share/ament_cmake_gtest/cmake/ament_add_gtest_executable.cmake:50 (add_executable):
  Cannot generate a safe runtime search path for target test_string because
  files in some directories may conflict with libraries in implicit
  directories:

    runtime library [libglog.so.0] in /usr/lib/x86_64-linux-gnu may be hidden by files in:
      /opt/anaconda3/lib

  Some of these libraries may not be found correctly.
Call Stack (most recent call first):
  /opt/ros/humble/share/ament_cmake_gtest/cmake/ament_add_gtest_executable.cmake:37 (_ament_add_gtest_executable)
  /opt/ros/humble/share/ament_cmake_gtest/cmake/ament_add_gtest.cmake:68 (ament_add_gtest_executable)
  CMakeLists.txt:40 (ament_add_gtest)
  CMakeLists.txt:59 (add_testcase)


CMake Warning at /opt/ros/humble/share/ament_cmake_gtest/cmake/ament_add_gtest_executable.cmake:50 (add_executable):
  Cannot generate a safe runtime search path for target test_warning_message
  because files in some directories may conflict with libraries in implicit
  directories:

    runtime library [libglog.so.0] in /usr/lib/x86_64-linux-gnu may be hidden by files in:
      /opt/anaconda3/lib

  Some of these libraries may not be found correctly.
Call Stack (most recent call first):
  /opt/ros/humble/share/ament_cmake_gtest/cmake/ament_add_gtest_executable.cmake:37 (_ament_add_gtest_executable)
  /opt/ros/humble/share/ament_cmake_gtest/cmake/ament_add_gtest.cmake:68 (ament_add_gtest_executable)
  CMakeLists.txt:40 (ament_add_gtest)
  CMakeLists.txt:59 (add_testcase)


